// Jest Snapshot v1, https://goo.gl/fbAQLP

exports[`TextField should render with error message 1`] = `
.c1 {
  cursor: pointer;
  font-size: 1.4rem;
  color: #030517;
}

.c4 {
  background: transparent;
  font-family: Poppins,-apple-system,BlinkMacSystemFont,'Segoe UI',Roboto,Oxygen,Ubuntu,Cantarell,'Open Sans','Helvetica Neue',sans-serif font-size:1.6rem;
  padding: 0.8rem 0;
  padding-left: 1.6rem;
  width: 100%;
  border: 0;
  outline: none;
  color: #030517;
}

.c4:-webkit-autofill {
  -webkit-box-shadow: 0 0 0 2.4rem #EAEAEA inset;
  -webkit-filter: none;
  filter: none;
}

.c3 {
  display: -webkit-box;
  display: -webkit-flex;
  display: -ms-flexbox;
  display: flex;
  background: #EAEAEA;
  border-radius: 0.2rem;
  padding: 0 1.6rem;
  border: 0.2rem solid #EAEAEA;
}

.c3:focus-within {
  box-shadow: 0 0 0.5rem #F231A5;
}

.c0 {
  display: -webkit-box;
  display: -webkit-flex;
  display: -ms-flexbox;
  display: flex;
  -webkit-flex-direction: column;
  -ms-flex-direction: column;
  flex-direction: column;
}

.c0 .c2 {
  border-color: #FF6347;
}

.c5 {
  color: #FF6347;
  font-size: 1.2rem;
}

<main
  class="c0"
>
  <label
    class="c1"
    for="email"
  >
    E-mail
  </label>
  <div
    class="c2 c3"
  >
    <input
      class="c4"
      id="email"
      name="email"
      type="text"
      value=""
    />
  </div>
  <span
    class="c5"
  >
    Something went wrong
  </span>
</main>
`
